PS C:\Users\aly> cd "D:\samurai\git_challenge"     
PS D:\samurai\git_challenge> git init
Initialized empty Git repository in D:/samurai/git_challenge/.git/
PS D:\samurai\git_challenge> echo "Hello, world!" > hello_world.txt
PS D:\samurai\git_challenge> git add hello_world.txt
PS D:\samurai\git_challenge> git commit -m "Hello, world!"                       
[main (root-commit) d878179] Hello, world!
 1 file changed, 0 insertions(+), 0 deletions(-)
 create mode 100644 hello_world.txt
PS D:\samurai\git_challenge> echo "こんにちは、世界！" >> hello_world.txt
PS D:\samurai\git_challenge> git add hello_world.txt
PS D:\samurai\git_challenge> git commit -m "こんにちは、世界！"                      
[main 7153648] こんにちは、世界！
 1 file changed, 0 insertions(+), 0 deletions(-)
PS D:\samurai\git_challenge> git log --oneline
7153648 (HEAD -> main) こんにちは、世界！
d878179 Hello, world!